ok 1 - arena > init_runtime
ok 2 - arena > init_runtime_null
ok 3 - arena > init_static_basic
ok 4 - arena > cap_used_remaining_empty
ok 5 - arena > alloc_basic
ok 6 - arena > allocate_zero_size
ok 7 - arena > allocate_alignment_range
ok 8 - arena > allocate_full_and_fail
ok 9 - arena > new_zero_count
ok 10 - arena > new_aligned_overaligned
ok 11 - arena > try_new_returns_null_on_oom
ok 12 - arena > try_new_aligned_returns_null_on_oom
ok 13 - arena > clear_idempotent
ok 14 - arena > mark_rewind_basic
ok 15 - arena > mark_rewind_roundtrip
ok 16 - arena > is_top_allocation
ok 17 - arena > extend_in_place_grow_and_shrink
ok 18 - arena > extend_not_top_asserts
ok 19 - arena > try_extend_oom_returns_null
ok 20 - arena > edgecases_full_allocation
ok 21 - arena > aliasing_patterns
ok 22 - arena > multiple_clear_reuse_stability
ok 23 - arena > try_allocate_basic
ok 24 - arena > try_allocate_zero_size
ok 25 - arena > null_arena
ok 26 - arena > deallocate_top_only_via_allocator
ok 27 - arena > allocator_runtime_conversion
ok 28 - arena > arr_allocator_type_and_init_macro
ok 29 - arena > arr_allocator_create_macro
ok 30 - arena > arr_allocator_as_allocator_interface
ok 31 - arenastack > init_basic
ok 32 - arenastack > init_rounds_to_pow2
ok 33 - arenastack > new_basic
ok 34 - arenastack > new_zero_count
ok 35 - arenastack > new_aligned
ok 36 - arenastack > spills_into_multiple_arenas
ok 37 - arenastack > large_alloc_grows_arena_size
ok 38 - arenastack > clear_single_arena
ok 39 - arenastack > clear_multiple_arenas
ok 40 - arenastack > mark_rewind_same_arena
ok 41 - arenastack > mark_rewind_previous_arena
ok 42 - arenastack > mark_rewind_roundtrip
ok 43 - arenastack > mark_null_rewind_noop
ok 44 - arenastack > reuse_after_clear
ok 45 - arenastack > multiple_type_patterns
ok 46 - arenastack > allocate_wrapper
ok 47 - arenastack > lazy_init_zero_arena_size
ok 48 - arenastack > release_after_growth
ok 49 - arenastack > to_alloc_basic
ok 50 - arenastack > allocator_deallocate_top_only
ok 51 - arenastack > allocator_realloc_copy_path
ok 52 - avl > avltest
ok 53 - avl > init_static
ok 54 - avl > get_or_add
ok 55 - avl > foreach_empty
ok 56 - avl > remove_two_children
ok 57 - avl > large_sorted_order_stays_balanced
ok 58 - bitset > singlebit
ok 59 - bitset > scf_all
ok 60 - bitset > range # SKIP
ok 61 - bitset > count
ok 62 - bitset > leading_trailing
ok 63 - bitset > bitwise
ok 64 - bitset > iterations
ok 65 - bst > bsttest
ok 66 - bst > init_static
ok 67 - bst > get_or_add
ok 68 - bst > foreach_empty
ok 69 - bst > remove_two_children
ok 70 - bst > large_sorted_order
ok 71 - dict > null
ok 72 - dict > init_static
ok 73 - dict > init_static_file_scope_honors_baked_in_allocator
ok 74 - dict > tests1
ok 75 - dict > tests2
ok 76 - dict > count_is_empty_cap_load_factor
ok 77 - dict > foreach_key_visits_all_keys
ok 78 - dict > foreach_val_visits_all_values
ok 79 - dict > foreach_key_val_empty_are_noop
ok 80 - dict > ops_on_empty_dict
ok 81 - dict > reserve_noop_when_smaller
ok 82 - set > tests0
ok 83 - set > init_static
ok 84 - arrdup > t0
ok 85 - pool > dynamic_init_empty_state
ok 86 - pool > static_init_empty_state
ok 87 - pool > dynamic_new_single_element
ok 88 - pool > static_new_single_element
ok 89 - pool > dynamic_insert_copies_value
ok 90 - pool > static_insert_copies_value
ok 91 - pool > dynamic_fill_to_capacity
ok 92 - pool > static_fill_to_capacity
ok 93 - pool > dynamic_new_crash
ok 94 - pool > static_new_crash
ok 95 - pool > dynamic_insert_crash
ok 96 - pool > delete_reclaims_slot_dynamic
ok 97 - pool > delete_reclaims_slot_static
ok 98 - pool > clear_resets_usage_but_preserves_capacity_dynamic
ok 99 - pool > clear_resets_usage_but_preserves_capacity_static
ok 100 - pool > release_resets_dynamic_pool
ok 101 - pool > release_resets_static_pool_usage
ok 102 - pool > foreach_visits_all_inserted_dynamic
ok 103 - pool > foreach_skips_deleted_slots_dynamic
ok 104 - pool > foreach_allows_mutation_static
ok 105 - pool > foreach_empty_pool_is_noop_dynamic
ok 106 - pool > addresses_of_distinct_live_elements_are_distinct_dynamic
ok 107 - pool > addresses_of_distinct_live_elements_are_distinct_static
ok 108 - pool > pair_values_roundtrip_through_foreach_dynamic
ok 109 - pool > clear_after_full_allows_refill_dynamic
ok 110 - pool > clear_after_full_allows_refill_static
ok 111 - pool > try_new_returns_null_when_full_dynamic
ok 112 - pool > try_new_returns_null_when_full_static
ok 113 - pool > try_new_after_delete_succeeds_dynamic
ok 114 - pool > try_put_returns_null_when_full_dynamic
ok 115 - pool > try_put_returns_null_when_full_static
ok 116 - pool > try_put_copies_value_dynamic
ok 117 - rbt > rbttest
ok 118 - rbt > init_static
ok 119 - rbt > get_or_add
ok 120 - rbt > foreach_empty
ok 121 - rbt > remove_two_children
ok 122 - rbt > large_sorted_order_stays_balanced
ok 123 - string > str_len
ok 124 - string > str_starts_with
ok 125 - string > str_init_and_from_literal
ok 126 - string > str_clone_and_assign
ok 127 - string > str_cat_and_push
ok 128 - string > str_cat_fmt
ok 129 - string > str_insert_and_erase
ok 130 - string > str_replace_and_case
ok 131 - string > str_reverse
ok 132 - string > str_trim
ok 133 - string > slice
ok 134 - string > str_erase_if
ok 135 - string > str_find_and_compare
ok 136 - string > str_split_alloc
ok 137 - string > str_find
ok 138 - string > str_tok_single_empty
ok 139 - string > str_tok_single_normal
ok 140 - string > str_tok_single_third
ok 141 - string > str_tok_single_4
ok 142 - string > str_tok_all
ok 143 - string > str_tok_all_2
ok 144 - string > str_tok_all_3
ok 145 - string > string_test_fmt
ok 146 - string > string_test_split_example
ok 147 - string > string_test_empty
ok 148 - vec > vec_init
ok 149 - vec > init_list
ok 150 - vec > vec_copy
ok 151 - vec > vec_push_pop
ok 152 - vec > vec_insert_erase
ok 153 - vec > vec_foreach
ok 154 - vec > vec_reverse
ok 155 - vec > vec_index_in_range
ok 156 - vec > vec_push_n_pop_n
ok 157 - vec > vec_front_back
ok 158 - vec > vec_insert_arr_erase_n
ok 159 - vec > vec_clear_resize_reserve
ok 160 - vec > vec_reverse_foreach
ok 161 - vec > vec_remaining
ok 162 - vec > vec_compound
ok 163 - vec > vec_push # SKIP
ok 164 - vec > veceraseif
ok 165 - vec > vec_insert_at_unordered
ok 166 - vec > vec_erase_at_unordered
ok 167 - vec > vec_foreach_reversed
ok 168 - vec > vec_foreach_reversed_empty
ok 169 - vec > vec_push_unchecked
ok 170 - vec > vec_shrink_to_fit
ok 171 - vec > vec_shrink_to_fit_empty
ok 172 - vec > vec_shrink_to_fit_exact
ok 173 - vec > vec_shrink_to_fit_exact_empty
ok 174 - vec > vec_assign
ok 175 - vec > vec_end
1..175
