ok 1 - arena > init_runtime
ok 2 - arena > init_runtime_null
ok 3 - arena > init_static_basic
ok 4 - arena > cap_used_remaining_empty
ok 5 - arena > alloc_basic
ok 6 - arena > allocate_zero_size
ok 7 - arena > allocate_alignment_range
ok 8 - arena > allocate_full_and_fail
ok 9 - arena > new_zero_count
ok 10 - arena > new_aligned_overaligned
ok 11 - arena > try_new_returns_null_on_oom
ok 12 - arena > try_new_aligned_returns_null_on_oom
ok 13 - arena > clear_idempotent
ok 14 - arena > mark_rewind_basic
ok 15 - arena > mark_rewind_roundtrip
ok 16 - arena > is_top_allocation
ok 17 - arena > extend_in_place_grow_and_shrink
ok 18 - arena > extend_not_top_asserts
ok 19 - arena > try_extend_oom_returns_null
ok 20 - arena > edgecases_full_allocation
ok 21 - arena > aliasing_patterns
ok 22 - arena > multiple_clear_reuse_stability
ok 23 - arena > try_allocate_basic
ok 24 - arena > try_allocate_zero_size
ok 25 - arena > null_arena
ok 26 - arenastack > init_basic
ok 27 - arenastack > init_rounds_to_pow2
ok 28 - arenastack > new_basic
ok 29 - arenastack > new_zero_count
ok 30 - arenastack > new_aligned
ok 31 - arenastack > spills_into_multiple_arenas
ok 32 - arenastack > large_alloc_grows_arena_size
ok 33 - arenastack > clear_single_arena
ok 34 - arenastack > clear_multiple_arenas
ok 35 - arenastack > mark_rewind_same_arena
ok 36 - arenastack > mark_rewind_previous_arena
ok 37 - arenastack > mark_rewind_roundtrip
ok 38 - arenastack > mark_null_rewind_noop
ok 39 - arenastack > reuse_after_clear
ok 40 - arenastack > multiple_type_patterns
ok 41 - arenastack > allocate_wrapper
ok 42 - arenastack > lazy_init_zero_arena_size
ok 43 - arenastack > release_after_growth
ok 44 - bitset > singlebit
ok 45 - bitset > scf_all
ok 46 - bitset > range # SKIP
ok 47 - bitset > count
ok 48 - bitset > leading_trailing
ok 49 - bitset > bitwise
ok 50 - bitset > iterations
ok 51 - bst > bsttest
ok 52 - bst > init_static
ok 53 - bst > foreach_empty
ok 54 - bst > remove_two_children
ok 55 - bst > large_sorted_order
ok 56 - dict > null
ok 57 - dict > tests1
ok 58 - dict > tests2
ok 59 - dict > count_is_empty_cap_load_factor
ok 60 - dict > foreach_key_visits_all_keys
ok 61 - dict > foreach_val_visits_all_values
ok 62 - dict > foreach_key_val_empty_are_noop
ok 63 - dict > ops_on_empty_dict
ok 64 - dict > reserve_noop_when_smaller
ok 65 - set > tests0
ok 66 - arrdup > t0
ok 67 - pool > dynamic_init_empty_state
ok 68 - pool > static_init_empty_state
ok 69 - pool > dynamic_new_single_element
ok 70 - pool > static_new_single_element
ok 71 - pool > dynamic_insert_copies_value
ok 72 - pool > static_insert_copies_value
ok 73 - pool > dynamic_fill_to_capacity
ok 74 - pool > static_fill_to_capacity
ok 75 - pool > dynamic_new_crash
ok 76 - pool > static_new_crash
ok 77 - pool > dynamic_insert_crash
ok 78 - pool > delete_reclaims_slot_dynamic
ok 79 - pool > delete_reclaims_slot_static
ok 80 - pool > clear_resets_usage_but_preserves_capacity_dynamic
ok 81 - pool > clear_resets_usage_but_preserves_capacity_static
ok 82 - pool > release_resets_dynamic_pool
ok 83 - pool > release_resets_static_pool_usage
ok 84 - pool > foreach_visits_all_inserted_dynamic
ok 85 - pool > foreach_skips_deleted_slots_dynamic
ok 86 - pool > foreach_allows_mutation_static
ok 87 - pool > foreach_empty_pool_is_noop_dynamic
ok 88 - pool > addresses_of_distinct_live_elements_are_distinct_dynamic
ok 89 - pool > addresses_of_distinct_live_elements_are_distinct_static
ok 90 - pool > pair_values_roundtrip_through_foreach_dynamic
ok 91 - pool > clear_after_full_allows_refill_dynamic
ok 92 - pool > clear_after_full_allows_refill_static
ok 93 - pool > try_new_returns_null_when_full_dynamic
ok 94 - pool > try_new_returns_null_when_full_static
ok 95 - pool > try_new_after_delete_succeeds_dynamic
ok 96 - pool > try_put_returns_null_when_full_dynamic
ok 97 - pool > try_put_returns_null_when_full_static
ok 98 - pool > try_put_copies_value_dynamic
ok 99 - string > str_len
ok 100 - string > str_starts_with
ok 101 - string > str_init_and_from_literal
ok 102 - string > str_clone_and_assign
ok 103 - string > str_cat_and_push
ok 104 - string > str_cat_fmt
ok 105 - string > str_insert_and_erase
ok 106 - string > str_replace_and_case
ok 107 - string > str_reverse
ok 108 - string > str_trim
ok 109 - string > slice
ok 110 - string > str_erase_if
ok 111 - string > str_find_and_compare
ok 112 - string > str_split_alloc
ok 113 - string > str_find
ok 114 - string > str_tok_single_empty
ok 115 - string > str_tok_single_normal
ok 116 - string > str_tok_single_third
ok 117 - string > str_tok_single_4
ok 118 - string > str_tok_all
ok 119 - string > str_tok_all_2
ok 120 - string > str_tok_all_3
ok 121 - string > string_test_fmt
ok 122 - string > string_test_split_example
ok 123 - string > string_test_empty
ok 124 - vec > vec_init
ok 125 - vec > init_list
ok 126 - vec > vec_copy
ok 127 - vec > vec_push_pop
ok 128 - vec > vec_insert_erase
ok 129 - vec > vec_foreach
ok 130 - vec > vec_reverse
ok 131 - vec > vec_index_in_range
ok 132 - vec > vec_push_n_pop_n
ok 133 - vec > vec_front_back
ok 134 - vec > vec_insert_arr_erase_n
ok 135 - vec > vec_clear_resize_reserve
ok 136 - vec > vec_reverse_foreach
ok 137 - vec > vec_remaining
ok 138 - vec > vec_compound
ok 139 - vec > vec_push # SKIP
ok 140 - vec > veceraseif
ok 141 - vec > vec_insert_at_unordered
ok 142 - vec > vec_erase_at_unordered
ok 143 - vec > vec_foreach_reversed
ok 144 - vec > vec_foreach_reversed_empty
ok 145 - vec > vec_push_unchecked
ok 146 - vec > vec_shrink_to_fit
ok 147 - vec > vec_shrink_to_fit_empty
ok 148 - vec > vec_assign
ok 149 - vec > vec_end
1..149
